Gs^Fp, Gs^Fp, Gs^Fp, Gs^Fp, Gs^Fp, Gs^Fp, Gs^Fp, Gs^Fp, Gs^Fp, Gs^Fp, Gs^Fp, Gs^Fp, Rr, Gs^Fp, Gs^Fp, Gs^Fp, Gs^Fp, Gs^Fp, Hh, Hh, Hh, Hh, Mm, Mm, Hh, Mm, Hh, Hh, Gs^Fp, Gs^Fp
Gs^Fp, Gs^Fp, Gs^Fp, Gs^Fp, Gs^Fp, Gs^Fp, Gs^Fp, Gs^Fp, Gs^Fp, Gs^Fp, Gs^Fp, Gs^Fp, Rr, Gs^Fp, Gs^Fp, Gs^Fp, Gs^Fp, Gs^Fp, Hh, Hh, Hh, Mm, Mm, Mm, Mm, Hh, Hh, Gs^Fp, Gs^Fp, Gs^Fp
Gs^Fp, Gs^Fp, Gs^Fp, Gs^Fp, Gs^Fp, Gs^Fp, Gs^Fp, Gs^Fp, Gs^Fp, Gs^Fp, Gs^Fp, Gg, Rr, Gs^Fp, Gs^Fp, Gs^Fp, Gs^Fp, Gg, Hh, Gg, Hh, Mm, Mm, Mm, Mm, Mm, Hh, Gs^Fp, Gs^Fp, Gs^Fp
Gs^Fp, Gs^Fp, Gs^Fp, Gs^Fp, Gs^Fp, Gs^Fp, Gs^Fp, Gg, Gg, Gg, Gg, Gg, Rr, Gg, Gg, Gg, Gg, Gg, Gg, Gg, Hh, Hh, Hh, Hh, Hh, Hh, Hh, Hh, Gg, Gs^Fp
Gs^Fp, Gs^Fp, Gs^Fp, Gs^Fp, Gs^Fp, Gs^Fp, Gs^Fp, Gg, Gg, Gg, Gg, Gg, Gg, Rr, Gg, Gg, Gg, Gg, Gg^Vh, Gg, Gg, Gs^Fp, Gs^Fp, Gs^Fp, Gs^Fp, Gs^Fp, Gs^Fp, Gg, Gs^Fp, Gs^Fp
Gs^Fp, Gs^Fp, Gs^Fp, Gs^Fp, Gg, Gg, Gg, Gg, Gg, Gg^Vh, Gg, Gg, Gg, Rr, Gg, Gg, Gg, Gg, Gg, Gg, Gs^Fp, Gs^Fp, Gs^Fp, Gs^Fp, Gs^Fp, Gg, Gg, Gg, Gs^Fp, Gg
Gs^Fp, Gs^Fp, Gs^Fp, Gg, Gg, Gg, Rr, Gg, Rr, Rr, Rr, Gg, Rr, Rr, Gg, Gg, Re^Gvs, Re^Gvs, Re^Gvs, Gg, Gg, Gg, Gg, Gg, Gg, Gg, Gs^Fp, Gs^Fp, Gg, Gg
Gs^Fp, Gg, Gg, Gg, Gg, Rr, Gg, Rr, Rr, Ch, Rr, Rr, Rr, Gg, Re^Gvs, Re^Gvs, Re^Gvs, Re^Gvs, Gg, Gg, Gg, Gg, Gg, Gg, Gg, Gg, Gg, Gg, Gg, Gg
Gg, Gg, Gg, Gg, Gg, Gg, Gg^Vh, Gg, Rr, Ch, Kh, Ch, Rr, Gg, Gg, Re^Gvs, Gg, Gg, Gg, Gs^Fp, Gg, Gg, Gg, Gg^Vh, Gg, Gg, Re^Gvs, Gg, Gg, Gg
Gg, Gg, Gg, Gs^Fp, Gg, Gg, Gg, Gg, Rr, Rr, Ch, Ch, Rr, Rr, Gg, Gg, Gg, Gg, Gs^Fp, Gs^Fp, Gs^Fp, Gg, Gg, Gg, Re^Gvs, Re^Gvs, Re^Gvs, Re^Gvs, Re^Gvs, Gg
Gg, Gg, Gs^Fp, Gs^Fp, Gg, Gg, Gg, Rr, Rr, Ch, Rr, Rr, Gg, Gg^Vh, Gg, Gg, Gg, Gs^Fp, Gs^Fp, Gs^Fp, Gs^Fp, Gg, Gg, Re^Gvs, Re^Gvs, Re^Gvs, Re^Gvs, Re^Gvs, Gg, Gg
Gg, Gg, Gs^Fp, Gs^Fp, Gg, Gg, Rr, Rr, Gg, Rr, Gg^Vh, Rr, Rr, Gg, Gg, Gg, Gg, Gg, Gs^Fp, Gg, Gg, Gg, Gg, Gg, Gg, Re^Gvs, Gg, Gg, Gg, Gg
Gg, Gs^Fp, Gs^Fp, Gg, Gg, Rr, Gg, Gg, Gg, Gg, Gg, Gg, Gg, Rr, Gg, Gg, Gg, Gg, Gg, Gg, Re^Gvs, Gg, Gg, Gg, Gg, Gg, Gg, Gg, Gg, Gg
Gg, Gg, Gg, Gg, Gg, Rr, Gg, Gg, Gg, Gg, Gg, Gg, Gg, Rr, Rr, Gg, Gg, Gg, Re^Gvs, Re^Gvs, Re^Gvs, Re^Gvs, Re^Gvs, Gg, Gg, Gg^Vh, Gg, Gg, Gg, Gg
Gg, Gg, Gg, Gg, Gg, Gg, Re^Gvs, Re^Gvs, Re^Gvs, Gg, Gg, Gs^Fp, Gg, Gg, Rr, Gg, Gg, Re^Gvs, Re^Gvs, Re^Gvs, Re^Gvs, Re^Gvs, Re^Gvs, Re^Gvs, Gg, Gg, Gs^Fp, Gg, Gg, Gg
Gg, Gg, Gg, Gg, Gg^Vh, Gg, Gg, Re^Gvs, Re^Gvs, Re^Gvs, Gg, Gs^Fp, Gs^Fp, Gg, Gg, Rr, Gg, Gg, Gg, Re^Gvs, Re^Gvs, Re^Gvs, Gg, Gg, Gg, Gs^Fp, Gs^Fp, Gg, Gg, Gg
Gg, Gg, Gg, Gg, Gg, Gg, Gg, Gg, Gg, Gg, Gg^Fp, Gs^Fp, Gs^Fp, Gs^Fp, Gg, Gg, Gg, Gg^Vh, Gg, Gg, Gg, Gg, Gg, Gg, Gg, Gs^Fp, Gs^Fp, Gs^Fp, Gg, Gg
Ww, Ww, Ww, Gg, Ww, Gg, Ww, Ww, Ww, Gg^Fp, Ww, Gg^Fp, Gg, Gg, Re^Gvs, Re^Gvs, Re^Gvs, Gg, Gg, Gg, Gg, Gg, Gg, Gg, Gg, Gg, Gs^Fp, Gs^Fp, Gs^Fp, Gg
Ww, Ww, Gg, Ww, Ww, Ww, Ww, Ww, Ww, Ww, Ww, Ww, Ww, Gg, Gg, Re^Gvs, Re^Gvs, Re^Gvs, Gg, Gg, Gg, Gg, Cer, Gg, Gg, Gg, Gg, Gg, Gs^Fp, Gg
Gg, Gg, Gg, Gg, Gg, Ww, Gg, Gg, Gg, Gg, Gg, Ww, Ww, Gg, Gg, Gg, Gg, Gg, Gg, Gg, Gg, Rb, Cer, Cer, Rb, Gg, Gg, Gg, Gg, Gg
Gg, Gs^Fp, Gg, Gg, Gs^Fp, Gg, Gg, Gs^Fp, Gs^Fp, Gg, Gg, Ww, Ww, Ww, Gg, Gg, Gg, Gs^Fp, Gg, Gg, Gg, Cer, Rb, Ker, Cer, Gg, Rb, Gg, Rb, Gg
Gs^Fp, Gs^Fp, Gs^Fp, Gs^Fp, Gs^Fp, Gs^Fp, Gs^Fp, Gs^Fp, Gs^Fp, Gg, Gg, Gg, Ww, Ww, Gg, Gg, Gg, Gs^Fp, Gs^Fp, Gg, Gg, Rb, Rb, Cer, Rb, Rb, Gg, Rb, Gg, Rb
Gg, Gs^Fp, Gs^Fp, Gg, Gg, Gs^Fp, Gs^Fp, Gs^Fp, Gg, Gs^Fp, Gg, Ww, Ww, Ww, Gg, Gg^Vh, Gg, Gg, Gs^Fp, Gs^Fp, Gg, Gg, Gg, Gg, Gg, Gg, Gg, Gg, Gg, Gg
Gg, Gg, Gg, Gg, Rb, Gg, Rb, Gg, Gg, Gg, Gg, Ww, Ww, Gg, Gg, Gg, Gs^Fp, Gs^Fp, Gs^Fp, Gs^Fp, Gg, Gg, Gs^Fp, Gg, Gg, Gg, Gg^Vh, Gg, Gg, Gs^Fp
Gs^Fp, Gg, Gg, Cer, Cer, Cer, Cer, Gg, Gs^Fp, Gs^Fp, Gg, Ww, Gg, Gg, Gg, Gs^Fp, Gs^Fp, Gg, Gg, Gg, Gg, Gg, Gs^Fp, Gs^Fp, Gs^Fp, Gg, Gg, Gg, Gg, Gs^Fp
Gs^Fp, Gg, Gs^Fp, Rb, Rb, Ker, Rb, Rb, Rb, Gs^Fp, Gg, Ww, Gg, Gg, Gs^Fp, Gg, Gg, Gg, Gg, Gg, Gg, Gs^Fp, Gg, Gs^Fp, Gg, Gg, Gg, Gg, Gg, Gs^Fp
Gs^Fp, Gs^Fp, Gg, Gg, Gg, Cer, Gg, Gg, Rb, Gg, Gg, Ww, Ww, Gg, Gs^Fp, Gs^Fp, Gg, Gg, Gg, Gg, Gg, Gg, Gg, Gs^Fp, Gs^Fp, Gg, Gg, Gg, Gs^Fp, Gs^Fp
Gs^Fp, Gs^Fp, Gs^Fp, Gg, Gs^Fp, Gg, Gg, Gs^Fp, Gg, Rb, Gg, Ww, Ww, Gg, Gg, Gs^Fp, Gs^Fp, Gs^Fp, Gs^Fp, Gg, Gg^Vh, Gg, Gg, Gg, Gs^Fp, Gs^Fp, Gg, Gs^Fp, Gs^Fp, Gs^Fp
Gs^Fp, Gs^Fp, Gs^Fp, Gs^Fp, Gs^Fp, Gg, Gs^Fp, Gs^Fp, Gs^Fp, Rb, Rb, Gg, Ww, Ww, Gg, Gg, Gs^Fp, Gs^Fp, Gg, Gg, Gg, Gg, Gg, Gs^Fp, Gs^Fp, Gs^Fp, Gs^Fp, Gs^Fp, Gs^Fp, Gs^Fp
Gs^Fp, Gs^Fp, Gg, Gs^Fp, Gg, Gs^Fp, Gs^Fp, Gs^Fp, Gg, Gg, Rb, Gg, Ww, Ww, Ww, Gg, Gg, Gs^Fp, Gg, Gg, Gg, Gs^Fp, Gs^Fp, Gs^Fp, Gs^Fp, Gs^Fp, Gs^Fp, Gs^Fp, Gs^Fp, Gs^Fp
